C:\Users\steam\IdeaProjects\geocoding\src\main\java\com\amiriskhakov\geocoding\GeocodingApplication.java
C:\Users\steam\IdeaProjects\geocoding\src\main\java\com\amiriskhakov\geocoding\JsonTest.java
C:\Users\steam\IdeaProjects\geocoding\src\main\java\com\amiriskhakov\geocoding\payload\request\ReverseRequest.java
C:\Users\steam\IdeaProjects\geocoding\src\main\java\com\amiriskhakov\geocoding\payload\response\ErrorMessageResponse.java
C:\Users\steam\IdeaProjects\geocoding\src\main\java\com\amiriskhakov\geocoding\http\HttpClient.java
C:\Users\steam\IdeaProjects\geocoding\src\main\java\com\amiriskhakov\geocoding\dtos\ReverseDTO.java
C:\Users\steam\IdeaProjects\geocoding\src\main\java\com\amiriskhakov\geocoding\exceptions\WrongAddressException.java
C:\Users\steam\IdeaProjects\geocoding\src\main\java\com\amiriskhakov\geocoding\exceptions\WrongCoordinatesException.java
C:\Users\steam\IdeaProjects\geocoding\src\main\java\com\amiriskhakov\geocoding\handlers\GeocodingHandler.java
C:\Users\steam\IdeaProjects\geocoding\src\main\java\com\amiriskhakov\geocoding\payload\request\ForwardRequest.java
C:\Users\steam\IdeaProjects\geocoding\src\main\java\com\amiriskhakov\geocoding\contollers\MainController.java
C:\Users\steam\IdeaProjects\geocoding\src\main\java\com\amiriskhakov\geocoding\dtos\ForwardDTO.java
